\BOOKMARK [1][-]{section.1}{\376\377\000I\000n\000t\000r\000o\000d\000u\000c\000t\000i\000o\000n}{}% 1
\BOOKMARK [2][-]{subsection.1.1}{\376\377\000W\000h\000a\000t\000\040\000i\000s\000\040\000p\000r\000o\000g\000r\000a\000m\000m\000a\000b\000l\000e\000\040\000c\000r\000y\000p\000t\000o\000g\000r\000a\000p\000h\000y\000?}{section.1}% 2
\BOOKMARK [2][-]{subsection.1.2}{\376\377\000I\000d\000e\000a\000s\000\040\000i\000n\000\040\000p\000r\000o\000g\000r\000a\000m\000m\000a\000b\000l\000e\000\040\000c\000r\000y\000p\000t\000o\000g\000r\000a\000p\000h\000y}{section.1}% 3
\BOOKMARK [3][-]{subsubsection.1.2.1}{\376\377\0002\000P\000C\000:\000\040\000t\000w\000o\000-\000p\000a\000r\000t\000y\000\040\000c\000o\000m\000p\000u\000t\000a\000t\000i\000o\000n}{subsection.1.2}% 4
\BOOKMARK [3][-]{subsubsection.1.2.2}{\376\377\000S\000N\000A\000R\000K\000s\000:\000\040\000p\000r\000o\000o\000f\000s\000\040\000o\000f\000\040\000g\000e\000n\000e\000r\000a\000l\000\040\000s\000t\000a\000t\000e\000m\000e\000n\000t\000s}{subsection.1.2}% 5
\BOOKMARK [3][-]{subsubsection.1.2.3}{\376\377\000F\000H\000E\000:\000\040\000f\000u\000l\000l\000y\000\040\000h\000o\000m\000o\000m\000o\000r\000p\000h\000i\000c\000\040\000e\000n\000c\000r\000y\000p\000t\000i\000o\000n}{subsection.1.2}% 6
\BOOKMARK [3][-]{subsubsection.1.2.4}{\376\377\000O\000R\000A\000M\000:\000\040\000O\000b\000l\000i\000v\000i\000o\000u\000s\000\040\000R\000A\000M}{subsection.1.2}% 7
\BOOKMARK [2][-]{subsection.1.3}{\376\377\000P\000r\000o\000g\000r\000a\000m\000m\000a\000b\000l\000e\000\040\000c\000r\000y\000p\000t\000o\000g\000r\000a\000p\000h\000y\000\040\000i\000n\000\040\000t\000h\000e\000\040\000w\000o\000r\000l\000d}{section.1}% 8
\BOOKMARK [1][-]{section.2}{\376\377\000T\000w\000o\000-\000P\000a\000r\000t\000y\000\040\000C\000o\000m\000p\000u\000t\000a\000t\000i\000o\000n}{}% 9
\BOOKMARK [2][-]{subsection.2.1}{\376\377\000G\000a\000r\000b\000l\000e\000d\000\040\000c\000i\000r\000c\000u\000i\000t\000s}{section.2}% 10
\BOOKMARK [3][-]{subsubsection.2.1.1}{\376\377\000T\000h\000e\000\040\000p\000r\000o\000b\000l\000e\000m}{subsection.2.1}% 11
\BOOKMARK [3][-]{subsubsection.2.1.2}{\376\377\000O\000u\000t\000l\000i\000n\000e\000\040\000o\000f\000\040\000s\000o\000l\000u\000t\000i\000o\000n}{subsection.2.1}% 12
\BOOKMARK [3][-]{subsubsection.2.1.3}{\376\377\000G\000a\000r\000b\000l\000e\000d\000\040\000g\000a\000t\000e\000s}{subsection.2.1}% 13
\BOOKMARK [3][-]{subsubsection.2.1.4}{\376\377\000C\000h\000a\000i\000n\000i\000n\000g\000\040\000g\000a\000r\000b\000l\000e\000d\000\040\000g\000a\000t\000e\000s}{subsection.2.1}% 14
\BOOKMARK [3][-]{subsubsection.2.1.5}{\376\377\000H\000o\000w\000\040\000B\000o\000b\000\040\000u\000s\000e\000s\000\040\000o\000n\000e\000\040\000g\000a\000t\000e}{subsection.2.1}% 15
\BOOKMARK [3][-]{subsubsection.2.1.6}{\376\377\000H\000o\000w\000\040\000t\000h\000e\000\040\000c\000i\000r\000c\000u\000i\000t\000\040\000e\000n\000d\000s}{subsection.2.1}% 16
\BOOKMARK [3][-]{subsubsection.2.1.7}{\376\377\000H\000o\000w\000\040\000t\000h\000e\000\040\000c\000i\000r\000c\000u\000i\000t\000\040\000s\000t\000a\000r\000t\000s}{subsection.2.1}% 17
\BOOKMARK [2][-]{subsection.2.2}{\376\377\000O\000b\000l\000i\000v\000i\000o\000u\000s\000\040\000t\000r\000a\000n\000s\000f\000e\000r}{section.2}% 18
\BOOKMARK [3][-]{subsubsection.2.2.1}{\376\377\000C\000o\000m\000m\000u\000t\000a\000t\000i\000v\000e\000\040\000e\000n\000c\000r\000y\000p\000t\000i\000o\000n}{subsection.2.2}% 19
\BOOKMARK [3][-]{subsubsection.2.2.2}{\376\377\000O\000T\000\040\000u\000s\000i\000n\000g\000\040\000c\000o\000m\000m\000u\000t\000a\000t\000i\000v\000e\000\040\000e\000n\000c\000r\000y\000p\000t\000i\000o\000n}{subsection.2.2}% 20
\BOOKMARK [3][-]{subsubsection.2.2.3}{\376\377\000O\000T\000\040\000i\000n\000\040\000o\000n\000e\000\040\000s\000t\000e\000p}{subsection.2.2}% 21
\BOOKMARK [2][-]{subsection.2.3}{\376\377\0002\000P\000C\000\040\000t\000a\000k\000e\000a\000w\000a\000y\000s}{section.2}% 22
\BOOKMARK [1][-]{section.3}{\376\377\000S\000N\000A\000R\000K\000s\000\040\000P\000r\000e\000l\000u\000d\000e\000:\000\040\000E\000l\000l\000i\000p\000t\000i\000c\000\040\000C\000u\000r\000v\000e\000s\000\040\000a\000n\000d\000\040\000P\000o\000l\000y\000n\000o\000m\000i\000a\000l\000\040\000C\000o\000m\000m\000i\000t\000m\000e\000n\000t\000s}{}% 23
\BOOKMARK [2][-]{subsection.3.1}{\376\377\000E\000l\000l\000i\000p\000t\000i\000c\000\040\000c\000u\000r\000v\000e\000s}{section.3}% 24
\BOOKMARK [2][-]{subsection.3.2}{\376\377\000D\000i\000s\000c\000r\000e\000t\000e\000\040\000l\000o\000g\000a\000r\000i\000t\000h\000m}{section.3}% 25
\BOOKMARK [3][-]{subsubsection.3.2.1}{\376\377\000C\000u\000r\000v\000e\000s\000\040\000o\000t\000h\000e\000r\000\040\000t\000h\000a\000n\000\040\000B\000N\0002\0005\0004}{subsection.3.2}% 26
\BOOKMARK [3][-]{subsubsection.3.2.2}{\376\377\000E\000x\000a\000m\000p\000l\000e\000\040\000a\000p\000p\000l\000i\000c\000a\000t\000i\000o\000n\000:\000\040\000E\000d\000D\000S\000A\000\040\000s\000i\000g\000n\000a\000t\000u\000r\000e\000\040\000s\000c\000h\000e\000m\000e}{subsection.3.2}% 27
\BOOKMARK [3][-]{subsubsection.3.2.3}{\376\377\000E\000x\000a\000m\000p\000l\000e\000\040\000a\000p\000p\000l\000i\000c\000a\000t\000i\000o\000n\000:\000\040\000P\000e\000d\000e\000r\000s\000e\000n\000\040\000c\000o\000m\000m\000i\000t\000m\000e\000n\000t\000s}{subsection.3.2}% 28
\BOOKMARK [2][-]{subsection.3.3}{\376\377\000B\000i\000l\000i\000n\000e\000a\000r\000\040\000p\000a\000i\000r\000i\000n\000g\000s\000\040\000o\000n\000\040\000e\000l\000l\000i\000p\000t\000i\000c\000\040\000c\000u\000r\000v\000e\000s}{section.3}% 29
\BOOKMARK [3][-]{subsubsection.3.3.1}{\376\377\000V\000e\000r\000i\000f\000y\000i\000n\000g\000\040\000m\000o\000r\000e\000\040\000c\000o\000m\000p\000l\000i\000c\000a\000t\000e\000d\000\040\000c\000l\000a\000i\000m\000s}{subsection.3.3}% 30
\BOOKMARK [3][-]{subsubsection.3.3.2}{\376\377\000S\000o\000\040\000w\000h\000i\000c\000h\000\040\000c\000u\000r\000v\000e\000s\000\040\000a\000r\000e\000\040\000p\000a\000i\000r\000i\000n\000g\000-\000f\000r\000i\000e\000n\000d\000l\000y\000?}{subsection.3.3}% 31
\BOOKMARK [2][-]{subsection.3.4}{\376\377\000K\000Z\000G\000\040\000c\000o\000m\000m\000i\000t\000m\000e\000n\000t\000s}{section.3}% 32
\BOOKMARK [3][-]{subsubsection.3.4.1}{\376\377\000T\000h\000e\000\040\000s\000e\000t\000u\000p}{subsection.3.4}% 33
\BOOKMARK [3][-]{subsubsection.3.4.2}{\376\377\000T\000h\000e\000\040\000K\000Z\000G\000\040\000c\000o\000m\000m\000i\000t\000m\000e\000n\000t\000\040\000s\000c\000h\000e\000m\000e}{subsection.3.4}% 34
\BOOKMARK [3][-]{subsubsection.3.4.3}{\376\377\000M\000u\000l\000t\000i\000-\000o\000p\000e\000n\000i\000n\000g\000s}{subsection.3.4}% 35
\BOOKMARK [3][-]{subsubsection.3.4.4}{\376\377\000R\000o\000o\000t\000\040\000c\000h\000e\000c\000k}{subsection.3.4}% 36
\BOOKMARK [2][-]{subsection.3.5}{\376\377\000K\000Z\000G\000\040\000t\000a\000k\000e\000a\000w\000a\000y\000s}{section.3}% 37
\BOOKMARK [1][-]{section.4}{\376\377\000S\000N\000A\000R\000K\000s}{}% 38
\BOOKMARK [2][-]{subsection.4.1}{\376\377\000I\000n\000t\000r\000o\000d\000u\000c\000t\000i\000o\000n\000\040\000t\000o\000\040\000S\000N\000A\000R\000K\000s}{section.4}% 39
\BOOKMARK [3][-]{subsubsection.4.1.1}{\376\377\000W\000h\000a\000t\000\040\000c\000a\000n\000\040\000y\000o\000u\000\040\000d\000o\000\040\000w\000i\000t\000h\000\040\000a\000\040\000S\000N\000A\000R\000K\000?}{subsection.4.1}% 40
\BOOKMARK [2][-]{subsection.4.2}{\376\377\000P\000L\000O\000N\000K\000,\000\040\000a\000\040\000z\000k\000S\000N\000A\000R\000K\000\040\000p\000r\000o\000t\000o\000c\000o\000l}{section.4}% 41
\BOOKMARK [3][-]{subsubsection.4.2.1}{\376\377\000A\000r\000i\000t\000h\000m\000e\000t\000i\000z\000a\000t\000i\000o\000n}{subsection.4.2}% 42
\BOOKMARK [3][-]{subsubsection.4.2.2}{\376\377\000A\000n\000\040\000i\000n\000s\000t\000a\000n\000c\000e\000\040\000o\000f\000\040\000P\000L\000O\000N\000K}{subsection.4.2}% 43
\BOOKMARK [3][-]{subsubsection.4.2.3}{\376\377\000S\000t\000e\000p\000\040\0001\000:\000\040\000t\000h\000e\000\040\000c\000o\000m\000m\000i\000t\000m\000e\000n\000t}{subsection.4.2}% 44
\BOOKMARK [3][-]{subsubsection.4.2.4}{\376\377\000S\000t\000e\000p\000\040\0002\000:\000\040\000g\000a\000t\000e\000\040\000c\000h\000e\000c\000k}{subsection.4.2}% 45
\BOOKMARK [3][-]{subsubsection.4.2.5}{\376\377\000S\000t\000e\000p\000\040\0003\000:\000\040\000p\000r\000o\000v\000i\000n\000g\000\040\000t\000h\000e\000\040\000c\000o\000p\000y\000\040\000c\000o\000n\000s\000t\000r\000a\000i\000n\000t\000s}{subsection.4.2}% 46
\BOOKMARK [3][-]{subsubsection.4.2.6}{\376\377\000S\000t\000e\000p\000\040\0004\000:\000\040\000p\000u\000b\000l\000i\000c\000\040\000a\000n\000d\000\040\000p\000r\000i\000v\000a\000t\000e\000\040\000w\000i\000t\000n\000e\000s\000s\000e\000s}{subsection.4.2}% 47
\BOOKMARK [2][-]{subsection.4.3}{\376\377\000C\000o\000p\000y\000\040\000c\000o\000n\000s\000t\000r\000a\000i\000n\000t\000s\000\040\000i\000n\000\040\000P\000L\000O\000N\000K}{section.4}% 48
\BOOKMARK [3][-]{subsubsection.4.3.1}{\376\377\000E\000a\000s\000i\000e\000r\000\040\000c\000a\000s\000e\000:\000\040\000p\000e\000r\000m\000u\000t\000a\000t\000i\000o\000n\000\040\000c\000h\000e\000c\000k}{subsection.4.3}% 49
\BOOKMARK [3][-]{subsubsection.4.3.2}{\376\377\000C\000o\000p\000y\000\040\000c\000h\000e\000c\000k}{subsection.4.3}% 50
\BOOKMARK [2][-]{subsection.4.4}{\376\377\000M\000a\000k\000i\000n\000g\000\040\000i\000t\000\040\000n\000o\000n\000-\000i\000n\000t\000e\000r\000a\000c\000t\000i\000v\000e\000:\000\040\000F\000i\000a\000t\000-\000S\000h\000a\000m\000i\000r}{section.4}% 51
\BOOKMARK [2][-]{subsection.4.5}{\376\377\000S\000N\000A\000R\000K\000\040\000t\000a\000k\000e\000a\000w\000a\000y\000s}{section.4}% 52
\BOOKMARK [1][-]{section.5}{\376\377\000F\000u\000l\000l\000y\000\040\000H\000o\000m\000o\000m\000o\000r\000p\000h\000i\000c\000\040\000E\000n\000c\000r\000y\000p\000t\000i\000o\000n}{}% 53
\BOOKMARK [2][-]{subsection.5.1}{\376\377\000F\000H\000E\000\040\000a\000n\000d\000\040\000l\000e\000v\000e\000l\000e\000d\000\040\000F\000H\000E}{section.5}% 54
\BOOKMARK [2][-]{subsection.5.2}{\376\377\000A\000\040\000h\000a\000r\000d\000\040\000p\000r\000o\000b\000l\000e\000m\000:\000\040\000l\000e\000a\000r\000n\000i\000n\000g\000\040\000w\000i\000t\000h\000\040\000e\000r\000r\000o\000r\000s}{section.5}% 55
\BOOKMARK [3][-]{subsubsection.5.2.1}{\376\377\000A\000\040\000s\000m\000a\000l\000l\000\040\000e\000x\000a\000m\000p\000l\000e\000\040\000o\000f\000\040\000a\000n\000\040\000L\000W\000E\000\040\000p\000r\000o\000b\000l\000e\000m}{subsection.5.2}% 56
\BOOKMARK [3][-]{subsubsection.5.2.2}{\376\377\000G\000e\000n\000e\000r\000a\000l\000\040\000p\000r\000o\000b\000l\000e\000m}{subsection.5.2}% 57
\BOOKMARK [2][-]{subsection.5.3}{\376\377\000P\000u\000b\000l\000i\000c\000-\000k\000e\000y\000\040\000c\000r\000y\000p\000t\000o\000g\000r\000a\000p\000h\000y\000\040\000f\000r\000o\000m\000\040\000L\000W\000E}{section.5}% 58
\BOOKMARK [3][-]{subsubsection.5.3.1}{\376\377\000E\000n\000c\000r\000y\000p\000t\000i\000o\000n}{subsection.5.3}% 59
\BOOKMARK [3][-]{subsubsection.5.3.2}{\376\377\000A\000n\000\040\000e\000x\000a\000m\000p\000l\000e}{subsection.5.3}% 60
\BOOKMARK [3][-]{subsubsection.5.3.3}{\376\377\000D\000e\000c\000r\000y\000p\000t\000i\000o\000n}{subsection.5.3}% 61
\BOOKMARK [3][-]{subsubsection.5.3.4}{\376\377\000H\000o\000w\000\040\000d\000o\000e\000s\000\040\000t\000h\000i\000s\000\040\000w\000o\000r\000k\000\040\000i\000n\000\040\000g\000e\000n\000e\000r\000a\000l\000?}{subsection.5.3}% 62
\BOOKMARK [2][-]{subsection.5.4}{\376\377\000L\000e\000v\000e\000l\000e\000d\000\040\000F\000H\000E\000\040\000f\000r\000o\000m\000\040\000L\000W\000E}{section.5}% 63
\BOOKMARK [3][-]{subsubsection.5.4.1}{\376\377\000T\000h\000e\000\040\000m\000a\000i\000n\000\040\000i\000d\000e\000a\000:\000\040\000a\000p\000p\000r\000o\000x\000i\000m\000a\000t\000e\000\040\000e\000i\000g\000e\000n\000v\000a\000l\000u\000e\000s}{subsection.5.4}% 64
\BOOKMARK [3][-]{subsubsection.5.4.2}{\376\377\000O\000p\000e\000r\000a\000t\000i\000o\000n\000s\000\040\000o\000n\000\040\000e\000n\000c\000r\000y\000p\000t\000e\000d\000\040\000d\000a\000t\000a}{subsection.5.4}% 65
\BOOKMARK [3][-]{subsubsection.5.4.3}{\376\377\000T\000h\000e\000\040\000`\000`\000F\000l\000a\000t\000t\000e\000n\000'\000'\000\040\000o\000p\000e\000r\000a\000t\000i\000o\000n}{subsection.5.4}% 66
\BOOKMARK [3][-]{subsubsection.5.4.4}{\376\377\000E\000r\000r\000o\000r\000\040\000a\000n\000a\000l\000y\000s\000i\000s}{subsection.5.4}% 67
\BOOKMARK [2][-]{subsection.5.5}{\376\377\000F\000H\000E\000\040\000t\000a\000k\000e\000a\000w\000a\000y\000s}{section.5}% 68
\BOOKMARK [1][-]{section.6}{\376\377\000O\000b\000l\000i\000v\000i\000o\000u\000s\000\040\000R\000A\000M}{}% 69
\BOOKMARK [2][-]{subsection.6.1}{\376\377\000O\000b\000l\000i\000v\000i\000o\000u\000s\000\040\000R\000A\000M\000:\000\040\000p\000r\000o\000b\000l\000e\000m\000\040\000d\000e\000f\000i\000n\000i\000t\000i\000o\000n\000s}{section.6}% 70
\BOOKMARK [2][-]{subsection.6.2}{\376\377\000N\000a\000i\000v\000e\000\040\000s\000o\000l\000u\000t\000i\000o\000n\000s}{section.6}% 71
\BOOKMARK [3][-]{subsubsection.6.2.1}{\376\377\000N\000a\000i\000v\000e\000\040\000s\000o\000l\000u\000t\000i\000o\000n\000\040\0001}{subsection.6.2}% 72
\BOOKMARK [3][-]{subsubsection.6.2.2}{\376\377\000N\000a\000i\000v\000e\000\040\000s\000o\000l\000u\000t\000i\000o\000n\000\040\0002}{subsection.6.2}% 73
\BOOKMARK [3][-]{subsubsection.6.2.3}{\376\377\000N\000a\000i\000v\000e\000\040\000s\000o\000l\000u\000t\000i\000o\000n\000\040\0003}{subsection.6.2}% 74
\BOOKMARK [3][-]{subsubsection.6.2.4}{\376\377\000I\000m\000p\000o\000r\000t\000a\000n\000t\000\040\000o\000b\000s\000e\000r\000v\000a\000t\000i\000o\000n}{subsection.6.2}% 75
\BOOKMARK [2][-]{subsection.6.3}{\376\377\000B\000i\000n\000a\000r\000y\000-\000t\000r\000e\000e\000\040\000O\000R\000A\000M\000:\000\040\000d\000a\000t\000a\000\040\000s\000t\000r\000u\000c\000t\000u\000r\000e}{section.6}% 76
\BOOKMARK [3][-]{subsubsection.6.3.1}{\376\377\000S\000e\000r\000v\000e\000r\000\040\000d\000a\000t\000a\000\040\000s\000t\000r\000u\000c\000t\000u\000r\000e}{subsection.6.3}% 77
\BOOKMARK [3][-]{subsubsection.6.3.2}{\376\377\000M\000a\000i\000n\000\040\000p\000a\000t\000h\000\040\000i\000n\000v\000a\000r\000i\000a\000n\000t}{subsection.6.3}% 78
\BOOKMARK [3][-]{subsubsection.6.3.3}{\376\377\000I\000m\000a\000g\000i\000n\000a\000r\000y\000\040\000p\000o\000s\000i\000t\000i\000o\000n\000\040\000m\000a\000p}{subsection.6.3}% 79
\BOOKMARK [2][-]{subsection.6.4}{\376\377\000B\000i\000n\000a\000r\000y\000-\000t\000r\000e\000e\000\040\000O\000R\000A\000M\000:\000\040\000o\000p\000e\000r\000a\000t\000i\000o\000n\000s}{section.6}% 80
\BOOKMARK [3][-]{subsubsection.6.4.1}{\376\377\000F\000e\000t\000c\000h\000i\000n\000g\000\040\000a\000\040\000b\000l\000o\000c\000k}{subsection.6.4}% 81
\BOOKMARK [3][-]{subsubsection.6.4.2}{\376\377\000R\000e\000m\000a\000p\000p\000i\000n\000g\000\040\000a\000\040\000b\000l\000o\000c\000k}{subsection.6.4}% 82
\BOOKMARK [3][-]{subsubsection.6.4.3}{\376\377\000E\000v\000i\000c\000t\000i\000o\000n}{subsection.6.4}% 83
\BOOKMARK [3][-]{subsubsection.6.4.4}{\376\377\000A\000l\000g\000o\000r\000i\000t\000h\000m\000\040\000p\000s\000e\000u\000d\000o\000-\000c\000o\000d\000e}{subsection.6.4}% 84
\BOOKMARK [2][-]{subsection.6.5}{\376\377\000A\000n\000a\000l\000y\000s\000i\000s}{section.6}% 85
\BOOKMARK [3][-]{subsubsection.6.5.1}{\376\377\000O\000b\000l\000i\000v\000i\000o\000u\000s\000n\000e\000s\000s}{subsection.6.5}% 86
\BOOKMARK [3][-]{subsubsection.6.5.2}{\376\377\000C\000o\000r\000r\000e\000c\000t\000n\000e\000s\000s}{subsection.6.5}% 87
\BOOKMARK [2][-]{subsection.6.6}{\376\377\000B\000i\000n\000a\000r\000y\000-\000t\000r\000e\000e\000\040\000O\000R\000A\000M\000:\000\040\000r\000e\000c\000u\000r\000s\000i\000o\000n}{section.6}% 88
\BOOKMARK [2][-]{subsection.6.7}{\376\377\000P\000a\000t\000h\000\040\000O\000R\000A\000M}{section.6}% 89
\BOOKMARK [3][-]{subsubsection.6.7.1}{\376\377\000O\000t\000h\000e\000r\000\040\000a\000p\000p\000l\000i\000c\000a\000t\000i\000o\000n\000s\000\040\000o\000f\000\040\000O\000R\000A\000M}{subsection.6.7}% 90
\BOOKMARK [2][-]{subsection.6.8}{\376\377\000O\000R\000A\000M\000\040\000t\000a\000k\000e\000a\000w\000a\000y\000s}{section.6}% 91
