This is pdfTeX, Version 3.141592653-2.6-1.40.26 (TeX Live 2024) (preloaded format=pdflatex 2025.1.27)  29 JAN 2025 11:18
entering extended mode
 restricted \write18 enabled.
 file:line:error style messages enabled.
 %&-line parsing enabled.
**ec.tex
(./ec.tex
LaTeX2e <2023-11-01> patch level 1
L3 programming layer <2024-02-20>
./ec.tex:1: Undefined control sequence.
l.1 \section
            {SNARKs Prelude: Elliptic Curves and Polynomial Commitments}
? 
./ec.tex:1: Emergency stop.
l.1 
    
End of file on the terminal!

 
Here is how much of TeX's memory you used:
 16 strings out of 474116
 363 string characters out of 5743682
 1925187 words of memory out of 5000000
 22476 multiletter control sequences out of 15000+600000
 558069 words of font info for 36 fonts, out of 8000000 for 9000
 1141 hyphenation exceptions out of 8191
 12i,0n,13p,106b,8s stack positions out of 10000i,1000n,20000p,200000b,200000s
./ec.tex:1:  ==> Fatal error occurred, no output PDF file produced!
